// Jest Snapshot v1, https://goo.gl/fbAQLP

exports[`FormTaskComplete should match snapshot 1`] = `"<form class=\\"form\\"><fieldset><legend>Personal Info</legend><div class=\\"form__input-field\\"><label for=\\"username\\">First Name<span class=\\"form__asterisk\\">*</span><input type=\\"text\\" name=\\"username\\" value=\\"\\" required=\\"\\"/></label></div><div class=\\"form__input-field\\"><label for=\\"lastname\\">Last Name<span class=\\"form__asterisk\\">*</span><input type=\\"text\\" name=\\"lastname\\" value=\\"\\" required=\\"\\"/></label></div><div class=\\"form__input-field\\"><label for=\\"birthday\\">Birthday<input type=\\"text\\" name=\\"birthday\\" value=\\"\\"/></label></div></fieldset><fieldset><legend>User Management</legend><div class=\\"form__input-field\\"><label for=\\"usertype\\">User Type<input type=\\"checkbox\\" name=\\"usertype\\" value=\\"\\"/><span>Active</span></label></div><div class=\\"form__input-field\\"><label for=\\"inactivityDate\\">User Inactivity Date<input type=\\"text\\" name=\\"inactivityDate\\" value=\\"\\"/></label></div></fieldset><button>Save</button></form>"`;
