// Jest Snapshot v1, https://goo.gl/fbAQLP

exports[`CheckBox component should match to snapshot 1`] = `"<div class=\\"form__input-field\\"><label for=\\"usertype\\">User type<input type=\\"checkbox\\" name=\\"usertype\\" value=\\"\\"/><span></span></label></div>"`;
