// Jest Snapshot v1, https://goo.gl/fbAQLP

exports[`ErrorMessage component should match to snapshot 1`] = `"<span class=\\"form__error-message\\">Test message</span>"`;
